=====================================================================
Assignment: Homework 4
OK, version v1.18.1
=====================================================================

~~~~~~~~~~~~~~~~~~~~~~~~~~~~~~~~~~~~~~~~~~~~~~~~~~~~~~~~~~~~~~~~~~~~~
Running tests

---------------------------------------------------------------------
Doctests for SmartFridge

>>> fridgey = SmartFridge()
>>> fridgey.add_item('Mayo', 1)
DEBUG: {}
'I now have 1 Mayo'
>>> fridgey.add_item('Mayo', 2)
DEBUG: {'Mayo': 1}
'I now have 3 Mayo'
>>> fridgey.use_item('Mayo', 2.5)
'I have 0.5 Mayo left'
>>> fridgey.use_item('Mayo', 0.5)
'Uh oh, buy more Mayo!'
-- OK! --
---------------------------------------------------------------------
Test summary
    1 test cases passed! No cases failed.

Backup... 0.0% completeBackup... 100% complete
[31mBackup past deadline by 72 days, 8 hours, 32 minutes, and 57 seconds[0m
[32mBackup successful for user: are936233544@gmail.com[0m
[32mURL: https://okpy.org/cal/cs61a/sp22/hw04/backups/1YBDOj[0m

