=====================================================================
Assignment: Homework 3
OK, version v1.18.1
=====================================================================

~~~~~~~~~~~~~~~~~~~~~~~~~~~~~~~~~~~~~~~~~~~~~~~~~~~~~~~~~~~~~~~~~~~~~
Running tests

---------------------------------------------------------------------
Doctests for has_subseq

>>> has_subseq(123, 12)
DEBUG: 123
DEBUG: 12
True
>>> has_subseq(141, 11)
DEBUG: 14
DEBUG: 1
True
>>> has_subseq(144, 12)
DEBUG: 144
DEBUG: 12
DEBUG: 14
DEBUG: 12
DEBUG: 1
DEBUG: 12
False
>>> has_subseq(144, 1441)
DEBUG: 144
DEBUG: 1441
DEBUG: 14
DEBUG: 1441
False
>>> has_subseq(1343412, 134)
DEBUG: 1343412
DEBUG: 134
DEBUG: 134341
DEBUG: 134
DEBUG: 134
DEBUG: 1
DEBUG: 13
DEBUG: 1
True
-- OK! --
---------------------------------------------------------------------
Test summary
    1 test cases passed! No cases failed.

Backup... 0.0% completeBackup... 100% complete
[31mBackup past deadline by 80 days, 1 hour, 20 minutes, and 51 seconds[0m
[32mBackup successful for user: are936233544@gmail.com[0m
[32mURL: https://okpy.org/cal/cs61a/sp22/hw03/backups/ov6JMj[0m

